test_R0_01_all_public_types_roundtrip (test_r0.R0Contracts.test_R0_01_all_public_types_roundtrip) ... ok
test_R0_02_invalid_contracts (test_r0.R0Contracts.test_R0_02_invalid_contracts) ... ok
test_R0_03_identity_semantic_changes (test_r0.R0Contracts.test_R0_03_identity_semantic_changes) ... ok
test_R0_04_frozen_financial_rc (test_r0.R0Contracts.test_R0_04_frozen_financial_rc) ... ok
test_R0_05_unknown_preservation_and_admission (test_r0.R0Contracts.test_R0_05_unknown_preservation_and_admission) ... ok

----------------------------------------------------------------------
Ran 5 tests in 1.681s

OK
